Watching for changes in /home/thorianvc/.sites/ModnarMusings/{archetypes,assets,content,data,layouts,static,themes}
Watching for config changes in /home/thorianvc/.sites/ModnarMusings/hugo.toml, /home/thorianvc/.sites/ModnarMusings/themes/HugoRelearn/hugo.toml
Start building sites … 
hugo v0.146.0-5d1b9d39858bb0b2e505af9f649bfb55295ecca1+extended linux/amd64 BuildDate=2025-04-10T14:57:56Z VendorInfo=gohugoio

INFO  build:  step process substep collect files 294 files_total 294 pages_total 278 resources_total 16 duration 37.15179ms
INFO  build:  step process duration 37.830627ms
INFO  build:  step assemble duration 35.598659ms
INFO  static: syncing static files to / duration 9.961656253s
INFO  build:  step render substep pages site en outputFormat html duration 13.475757396s
INFO  build:  step render substep pages site en outputFormat amp duration 1.137437274s
INFO  build:  step render substep pages site en outputFormat calendar duration 2.141706ms
INFO  build:  step render substep pages site en outputFormat json duration 79.295168ms
INFO  build:  step render substep pages site en outputFormat manifest duration 786.52µs
INFO  build:  step render substep pages site en outputFormat pdf duration 71.474518ms
INFO  build:  step render substep pages site en outputFormat robotstxt duration 1.987325ms
INFO  build:  step render substep pages site en outputFormat rss duration 243.529105ms
INFO  build:  step render substep pages site en outputFormat searchindex duration 273.665661ms
INFO  build:  step render substep pages site en outputFormat sitemap duration 4.490854ms
INFO  build:  step render pages 1249 content 290 duration 15.294976939s
INFO  build:  step render deferred count 0 duration 54.964µs
INFO  build:  step postProcess duration 18.021µs
INFO  build:  duration 15.372983231s

                   |  EN   
-------------------+-------
  Pages            | 1249  
  Paginator pages  |    0  
  Non-page files   |   16  
  Static files     |  104  
  Processed images |    0  
  Aliases          |    0  
  Cleaned          |    0  

Built in 15375 ms
Environment: "development"
Serving pages from disk
Web Server is available at http://localhost:1313/ModnarMusings/ (bind address 127.0.0.1) 
Press Ctrl+C to stop
DEBUG Received System Events: [WRITE         "/home/thorianvc/.sites/ModnarMusings/layouts/shortcodes/gallery.html" WRITE         "/home/thorianvc/.sites/ModnarMusings/layouts/shortcodes/gallery.html"]

Change detected, rebuilding site (#1).
2025-11-19 11:56:23.583 +0530
DEBUG cachebuster: Matching "layouts/shortcodes/gallery.html" with source "(postcss|tailwind)\\.config\\.js": no match
Template changed /shortcodes/gallery.html
DEBUG Direct dependencies of "/_shortcodes/gallery.html" (*tplimpl.TemplInfo) =>
INFO  build:  step process substep gc dynacache duration 9.845827ms
INFO  build:  step process substep resolve content adapter change set changes 1 checked 1 matches 0 duration 173.712µs
INFO  build:  step process substep resolve page output change set changes 1 checked 3163 matches 350 duration 22.885602ms
INFO  build:  step process substep rebuild templates duration 115.079061ms
INFO  build:  step process duration 167.397837ms
INFO  build:  step assemble duration 1.285µs
INFO  build:  step render substep pages site en outputFormat html duration 11.981152655s
INFO  build:  step render substep pages site en outputFormat amp duration 1.052209898s
INFO  build:  step render substep pages site en outputFormat calendar duration 1.355972ms
INFO  build:  step render substep pages site en outputFormat json duration 2.149943ms
INFO  build:  step render substep pages site en outputFormat manifest duration 2.435374ms
INFO  build:  step render substep pages site en outputFormat pdf duration 10.45562ms
INFO  build:  step render substep pages site en outputFormat robotstxt duration 4.232485ms
INFO  build:  step render substep pages site en outputFormat rss duration 22.772366ms
INFO  build:  step render substep pages site en outputFormat searchindex duration 124.33577ms
INFO  build:  step render substep pages site en outputFormat sitemap duration 7.367249ms
INFO  build:  step render pages 340 content 2 duration 13.212597061s
INFO  build:  step render deferred count 0 duration 35.343µs
INFO  build:  step postProcess duration 50.276µs
INFO  build:  duration 13.380622635s
Web Server is available at http://localhost:1313/ModnarMusings/ (bind address 127.0.0.1)
Total in 13440 ms
DEBUG Received System Events: [WRITE         "/home/thorianvc/.sites/ModnarMusings/layouts/shortcodes/gallery.html" WRITE         "/home/thorianvc/.sites/ModnarMusings/layouts/shortcodes/gallery.html"]

Change detected, rebuilding site (#2).
2025-11-19 11:59:06.088 +0530
DEBUG cachebuster: Matching "layouts/shortcodes/gallery.html" with source "(postcss|tailwind)\\.config\\.js": no match
Template changed /shortcodes/gallery.html
DEBUG Direct dependencies of "/_shortcodes/gallery.html" (*tplimpl.TemplInfo) =>
INFO  build:  step process substep gc dynacache duration 15.033118ms
INFO  build:  step process substep resolve content adapter change set changes 1 checked 1 matches 0 duration 288.458µs
INFO  build:  step process substep resolve page output change set changes 1 checked 3163 matches 350 duration 33.593093ms
INFO  build:  step process substep rebuild templates duration 53.085011ms
INFO  build:  step process duration 129.590218ms
INFO  build:  duration 132.594623ms
ERROR Rebuild failed: process function "trimPrefix" not defined
Web Server is available at http://localhost:1313/ModnarMusings/ (bind address 127.0.0.1)
Total in 136 ms
DEBUG Received System Events: [WRITE         "/home/thorianvc/.sites/ModnarMusings/layouts/shortcodes/gallery.html" WRITE         "/home/thorianvc/.sites/ModnarMusings/layouts/shortcodes/gallery.html"]

Change detected, rebuilding site (#3).
2025-11-19 12:00:33.579 +0530
DEBUG cachebuster: Matching "layouts/shortcodes/gallery.html" with source "(postcss|tailwind)\\.config\\.js": no match
Template changed /shortcodes/gallery.html
DEBUG Direct dependencies of "/_shortcodes/gallery.html" (*tplimpl.TemplInfo) =>
INFO  build:  step process substep gc dynacache duration 13.417975ms
INFO  build:  step process substep resolve content adapter change set changes 1 checked 1 matches 0 duration 501.818µs
INFO  build:  step process substep resolve page output change set changes 1 checked 3159 matches 329 duration 54.447257ms
INFO  build:  step process substep rebuild templates duration 336.666208ms
INFO  build:  step process duration 411.659816ms
INFO  build:  step assemble duration 682.754µs
INFO  build:  step render substep pages site en outputFormat html duration 11.952655458s
INFO  build:  step render substep pages site en outputFormat amp duration 631.801272ms
INFO  build:  step render substep pages site en outputFormat calendar duration 1.431516ms
INFO  build:  step render substep pages site en outputFormat json duration 2.497598ms
INFO  build:  step render substep pages site en outputFormat manifest duration 1.207035ms
INFO  build:  step render substep pages site en outputFormat pdf duration 2.708928ms
INFO  build:  step render substep pages site en outputFormat robotstxt duration 1.33323ms
INFO  build:  step render substep pages site en outputFormat rss duration 21.802434ms
INFO  build:  step render substep pages site en outputFormat searchindex duration 126.3524ms
INFO  build:  step render substep pages site en outputFormat sitemap duration 8.068152ms
INFO  build:  step render pages 340 content 2 duration 12.755335122s
INFO  build:  step render deferred count 0 duration 11.144µs
INFO  build:  step postProcess duration 719.522µs
INFO  build:  duration 13.169396654s
Web Server is available at http://localhost:1313/ModnarMusings/ (bind address 127.0.0.1)
Total in 13170 ms
DEBUG Received System Events: [WRITE         "/home/thorianvc/.sites/ModnarMusings/layouts/shortcodes/gallery.html" WRITE         "/home/thorianvc/.sites/ModnarMusings/layouts/shortcodes/gallery.html"]

Change detected, rebuilding site (#4).
2025-11-19 12:04:52.154 +0530
DEBUG cachebuster: Matching "layouts/shortcodes/gallery.html" with source "(postcss|tailwind)\\.config\\.js": no match
Template changed /shortcodes/gallery.html
DEBUG Direct dependencies of "/_shortcodes/gallery.html" (*tplimpl.TemplInfo) =>
INFO  build:  step process substep gc dynacache duration 35.280335ms
INFO  build:  step process substep resolve content adapter change set changes 1 checked 1 matches 0 duration 2.220061ms
INFO  build:  step process substep resolve page output change set changes 1 checked 3163 matches 350 duration 57.078266ms
INFO  build:  step process substep rebuild templates duration 256.164063ms
INFO  build:  step process duration 419.863592ms
INFO  build:  step assemble duration 90.483µs
INFO  build:  step render substep pages site en outputFormat html duration 12.454698702s
INFO  build:  step render substep pages site en outputFormat amp duration 970.135122ms
INFO  build:  step render substep pages site en outputFormat calendar duration 1.571352ms
INFO  build:  step render substep pages site en outputFormat json duration 2.48583ms
INFO  build:  step render substep pages site en outputFormat manifest duration 1.831759ms
INFO  build:  step render substep pages site en outputFormat pdf duration 4.896071ms
INFO  build:  step render substep pages site en outputFormat robotstxt duration 1.998856ms
INFO  build:  step render substep pages site en outputFormat rss duration 17.883079ms
INFO  build:  step render substep pages site en outputFormat searchindex duration 276.987489ms
INFO  build:  step render substep pages site en outputFormat sitemap duration 11.254966ms
INFO  build:  step render pages 340 content 2 duration 13.763762571s
INFO  build:  step render deferred count 0 duration 102.12µs
INFO  build:  step postProcess duration 124.447µs
INFO  build:  duration 14.188939018s
Web Server is available at http://localhost:1313/ModnarMusings/ (bind address 127.0.0.1)
Total in 14191 ms
DEBUG Received System Events: [WRITE         "/home/thorianvc/.sites/ModnarMusings/layouts/shortcodes/gallery.html" WRITE         "/home/thorianvc/.sites/ModnarMusings/layouts/shortcodes/gallery.html"]

Change detected, rebuilding site (#5).
2025-11-19 12:05:06.348 +0530
DEBUG cachebuster: Matching "layouts/shortcodes/gallery.html" with source "(postcss|tailwind)\\.config\\.js": no match
Template changed /shortcodes/gallery.html
DEBUG Direct dependencies of "/_shortcodes/gallery.html" (*tplimpl.TemplInfo) =>
INFO  build:  step process substep gc dynacache duration 3.920821ms
INFO  build:  step process substep resolve content adapter change set changes 1 checked 1 matches 0 duration 33.139µs
INFO  build:  step process substep resolve page output change set changes 1 checked 3163 matches 350 duration 38.755682ms
INFO  build:  step process substep rebuild templates duration 86.875013ms
INFO  build:  step process duration 132.11249ms
INFO  build:  step assemble duration 1.214µs
INFO  build:  step render substep pages site en outputFormat html duration 12.160124342s
INFO  build:  step render substep pages site en outputFormat amp duration 1.041926308s
INFO  build:  step render substep pages site en outputFormat calendar duration 1.751038ms
INFO  build:  step render substep pages site en outputFormat json duration 14.339765ms
INFO  build:  step render substep pages site en outputFormat manifest duration 22.753992ms
INFO  build:  step render substep pages site en outputFormat pdf duration 5.870411ms
INFO  build:  step render substep pages site en outputFormat robotstxt duration 1.411276ms
INFO  build:  step render substep pages site en outputFormat rss duration 35.059483ms
INFO  build:  step render substep pages site en outputFormat searchindex duration 182.332984ms
INFO  build:  step render substep pages site en outputFormat sitemap duration 17.747496ms
INFO  build:  step render pages 340 content 2 duration 13.487860495s
INFO  build:  step render deferred count 0 duration 7.204µs
INFO  build:  step postProcess duration 29.915µs
INFO  build:  duration 13.62035474s
Web Server is available at http://localhost:1313/ModnarMusings/ (bind address 127.0.0.1)
Total in 13634 ms
DEBUG Received System Events: [WRITE         "/home/thorianvc/.sites/ModnarMusings/assets/css/custom.css" WRITE         "/home/thorianvc/.sites/ModnarMusings/assets/css/custom.css"]

Change detected, rebuilding site (#6).
2025-11-19 12:05:22.571 +0530
DEBUG cachebuster: Matching "assets/css/custom.css" with source "(postcss|tailwind)\\.config\\.js": no match
Asset changed /css/custom.css
DEBUG Direct dependencies of "/css/custom.css" (*paths.Path) =>
INFO  build:  step process substep gc dynacache duration 2.650531ms
INFO  build:  step process substep resolve content adapter change set changes 3 checked 3 matches 0 duration 162.763µs
INFO  build:  step process substep resolve page output change set changes 3 checked 9547 matches 1 duration 625.073795ms
INFO  build:  step process duration 634.452036ms
INFO  build:  step assemble duration 1.701µs
INFO  build:  step render substep pages site en outputFormat html duration 56.894816ms
INFO  build:  step render substep pages site en outputFormat amp duration 472.103µs
INFO  build:  step render substep pages site en outputFormat calendar duration 600.431µs
INFO  build:  step render substep pages site en outputFormat json duration 455.299µs
INFO  build:  step render substep pages site en outputFormat manifest duration 638.939µs
INFO  build:  step render substep pages site en outputFormat pdf duration 573.326µs
INFO  build:  step render substep pages site en outputFormat robotstxt duration 673.947µs
INFO  build:  step render substep pages site en outputFormat rss duration 1.038027ms
INFO  build:  step render substep pages site en outputFormat searchindex duration 528.415µs
INFO  build:  step render substep pages site en outputFormat sitemap duration 885.294µs
INFO  build:  step render pages 1 content 0 duration 66.576929ms
INFO  build:  step render deferred count 0 duration 4.301µs
INFO  build:  step postProcess duration 25.406µs
INFO  build:  duration 701.38875ms
Web Server is available at http://localhost:1313/ModnarMusings/ (bind address 127.0.0.1)
Total in 703 ms
DEBUG Received System Events: [CREATE        "/home/thorianvc/.sites/ModnarMusings/layouts/partials/New Text Document.txt" WRITE         "/home/thorianvc/.sites/ModnarMusings/layouts/partials/New Text Document.txt"]

Change detected, rebuilding site (#7).
2025-11-19 12:06:05.570 +0530
DEBUG cachebuster: Matching "layouts/partials/new text document.txt" with source "(postcss|tailwind)\\.config\\.js": no match
Template added /partials/new-text-document.txt
DEBUG Direct dependencies of "__structural_change_add" (identity.StringIdentity) =>
Direct dependencies of "/partials/new-text-document.txt" (*paths.Path) =>
INFO  build:  step process substep gc dynacache duration 21.281103ms
INFO  build:  step process substep resolve content adapter change set changes 2 checked 2 matches 0 duration 38.626µs
INFO  build:  step process substep resolve page output change set changes 2 checked 6366 matches 0 duration 432.239416ms
INFO  build:  step process substep rebuild templates duration 87.582313ms
INFO  build:  step process duration 549.213866ms
INFO  build:  step assemble duration 1.616µs
INFO  build:  step render substep pages site en outputFormat html duration 739.03µs
INFO  build:  step render substep pages site en outputFormat amp duration 479.425µs
INFO  build:  step render substep pages site en outputFormat calendar duration 737.616µs
INFO  build:  step render substep pages site en outputFormat json duration 405.209µs
INFO  build:  step render substep pages site en outputFormat manifest duration 540.817µs
INFO  build:  step render substep pages site en outputFormat pdf duration 490.836µs
INFO  build:  step render substep pages site en outputFormat robotstxt duration 581.611µs
INFO  build:  step render substep pages site en outputFormat rss duration 521.632µs
INFO  build:  step render substep pages site en outputFormat searchindex duration 426.716µs
INFO  build:  step render substep pages site en outputFormat sitemap duration 439.035µs
INFO  build:  step render pages 0 content 0 duration 8.63682ms
INFO  build:  step render deferred count 0 duration 5.453µs
INFO  build:  step postProcess duration 29.282µs
INFO  build:  duration 558.293339ms
Web Server is available at http://localhost:1313/ModnarMusings/ (bind address 127.0.0.1)
Total in 558 ms
DEBUG Received System Events: [WRITE         "/home/thorianvc/.sites/ModnarMusings/layouts/partials/New Text Document.txt" WRITE         "/home/thorianvc/.sites/ModnarMusings/layouts/partials/New Text Document.txt"]

Change detected, rebuilding site (#8).
2025-11-19 12:06:10.070 +0530
DEBUG cachebuster: Matching "layouts/partials/new text document.txt" with source "(postcss|tailwind)\\.config\\.js": no match
Template added /partials/new-text-document.txt
DEBUG Direct dependencies of "/partials/new-text-document.txt" (*paths.Path) =>
INFO  build:  step process substep gc dynacache duration 1.50446ms
INFO  build:  step process substep resolve content adapter change set changes 1 checked 1 matches 0 duration 35.299µs
INFO  build:  step process substep resolve page output change set changes 1 checked 3183 matches 0 duration 131.376033ms
INFO  build:  step process substep rebuild templates duration 46.82178ms
INFO  build:  step process duration 180.352227ms
INFO  build:  step assemble duration 704ns
INFO  build:  step render substep pages site en outputFormat html duration 284.6µs
INFO  build:  step render substep pages site en outputFormat amp duration 151.452µs
INFO  build:  step render substep pages site en outputFormat calendar duration 250.207µs
INFO  build:  step render substep pages site en outputFormat json duration 116.455µs
INFO  build:  step render substep pages site en outputFormat manifest duration 270.622µs
INFO  build:  step render substep pages site en outputFormat pdf duration 136.266µs
INFO  build:  step render substep pages site en outputFormat robotstxt duration 725.479µs
INFO  build:  step render substep pages site en outputFormat rss duration 437.762µs
INFO  build:  step render substep pages site en outputFormat searchindex duration 618.779µs
INFO  build:  step render substep pages site en outputFormat sitemap duration 416.442µs
INFO  build:  step render pages 0 content 0 duration 5.087205ms
INFO  build:  step render deferred count 0 duration 3.017µs
INFO  build:  step postProcess duration 17.8µs
INFO  build:  duration 185.677069ms
Web Server is available at http://localhost:1313/ModnarMusings/ (bind address 127.0.0.1)
Total in 186 ms
DEBUG Received System Events: [RENAME        "/home/thorianvc/.sites/ModnarMusings/layouts/partials/New Text Document.txt" CREATE        "/home/thorianvc/.sites/ModnarMusings/layouts/partials/head.html" ← "/home/thorianvc/.sites/ModnarMusings/layouts/partials/New Text Document.txt"]

Change detected, rebuilding site (#9).
2025-11-19 12:06:19.569 +0530
DEBUG cachebuster: Matching "layouts/partials/head.html" with source "(postcss|tailwind)\\.config\\.js": no match
DEBUG cachebuster: Matching "layouts/partials/new text document.txt" with source "(postcss|tailwind)\\.config\\.js": no match
Template added /partials/new-text-document.txt
Template added /partials/head.html
DEBUG Direct dependencies of "__structural_change_remove" (identity.StringIdentity) =>
Direct dependencies of "/partials/new-text-document.txt" (*paths.Path) =>
Direct dependencies of "/partials/head.html" (*paths.Path) =>
Direct dependencies of "__structural_change_add" (identity.StringIdentity) =>
INFO  build:  step process substep gc dynacache duration 3.23911ms
INFO  build:  step process substep resolve content adapter change set changes 4 checked 4 matches 0 duration 43.448µs
INFO  build:  step process substep resolve page output change set changes 4 checked 12732 matches 0 duration 561.076662ms
INFO  build:  step process substep rebuild templates duration 51.655047ms
INFO  build:  step process duration 616.668698ms
INFO  build:  step assemble duration 788ns
INFO  build:  step render substep pages site en outputFormat html duration 371.445µs
INFO  build:  step render substep pages site en outputFormat amp duration 226.944µs
INFO  build:  step render substep pages site en outputFormat calendar duration 320.126µs
INFO  build:  step render substep pages site en outputFormat json duration 282.992µs
INFO  build:  step render substep pages site en outputFormat manifest duration 421.68µs
INFO  build:  step render substep pages site en outputFormat pdf duration 405.526µs
INFO  build:  step render substep pages site en outputFormat robotstxt duration 387.205µs
INFO  build:  step render substep pages site en outputFormat rss duration 394.592µs
INFO  build:  step render substep pages site en outputFormat searchindex duration 539.881µs
INFO  build:  step render substep pages site en outputFormat sitemap duration 442.266µs
INFO  build:  step render pages 0 content 0 duration 6.097564ms
INFO  build:  step render deferred count 0 duration 3.054µs
INFO  build:  step postProcess duration 15.366µs
INFO  build:  duration 622.980512ms
Web Server is available at http://localhost:1313/ModnarMusings/ (bind address 127.0.0.1)
Total in 623 ms
